#-----------------------------------------------------------
# Vivado v2018.2 (64-bit)
# SW Build 2258646 on Thu Jun 14 20:03:12 MDT 2018
# IP Build 2256618 on Thu Jun 14 22:10:49 MDT 2018
# Start of session at: Wed Oct 23 15:31:56 2019
# Process ID: 12112
# Current directory: F:/vending machine extended/vending machine
# Command line: vivado.exe -gui_launcher_event rodinguilauncherevent3036 F:\vending machine extended\vending machine\vending machine.xpr
# Log file: F:/vending machine extended/vending machine/vivado.log
# Journal file: F:/vending machine extended/vending machine\vivado.jou
#-----------------------------------------------------------
start_gui
open_project {F:/vending machine extended/vending machine/vending machine.xpr}
update_compile_order -fileset sources_1
save_project_as project_1 C:/Users/mm3139/Desktop/project_1 -force
reset_run synth_1
launch_runs impl_1 -to_step write_bitstream -jobs 4
wait_on_run impl_1
open_run impl_1
open_hw
connect_hw_server
open_hw_target
set_property PROGRAM.FILE {C:/Users/mm3139/Desktop/project_1/project_1.runs/impl_1/top_level.bit} [get_hw_devices xc7a100t_0]
current_hw_device [get_hw_devices xc7a100t_0]
refresh_hw_device -update_hw_probes false [lindex [get_hw_devices xc7a100t_0] 0]
set_property PROBES.FILE {} [get_hw_devices xc7a100t_0]
set_property FULL_PROBES.FILE {} [get_hw_devices xc7a100t_0]
set_property PROGRAM.FILE {C:/Users/mm3139/Desktop/project_1/project_1.runs/impl_1/top_level.bit} [get_hw_devices xc7a100t_0]
program_hw_devices [get_hw_devices xc7a100t_0]
refresh_hw_device [lindex [get_hw_devices xc7a100t_0] 0]
synth_design -rtl -name rtl_1
